---
source: crates/core/src/lib.rs
expression: public_api
---
pub mod snyk_to_md_core
pub mod snyk_to_md_core::error
pub enum snyk_to_md_core::error::BuilderError
pub snyk_to_md_core::error::BuilderError::MissingContent
impl core::error::Error for snyk_to_md_core::error::BuilderError
impl core::fmt::Debug for snyk_to_md_core::error::BuilderError
pub fn snyk_to_md_core::error::BuilderError::fmt(&self, f: &mut core::fmt::Formatter<'_>) -> core::fmt::Result
impl core::fmt::Display for snyk_to_md_core::error::BuilderError
pub fn snyk_to_md_core::error::BuilderError::fmt(&self, __formatter: &mut core::fmt::Formatter<'_>) -> core::fmt::Result
impl core::marker::Freeze for snyk_to_md_core::error::BuilderError
impl core::marker::Send for snyk_to_md_core::error::BuilderError
impl core::marker::Sync for snyk_to_md_core::error::BuilderError
impl core::marker::Unpin for snyk_to_md_core::error::BuilderError
impl core::panic::unwind_safe::RefUnwindSafe for snyk_to_md_core::error::BuilderError
impl core::panic::unwind_safe::UnwindSafe for snyk_to_md_core::error::BuilderError
impl<T, U> core::convert::Into<U> for snyk_to_md_core::error::BuilderError where U: core::convert::From<T>
pub fn snyk_to_md_core::error::BuilderError::into(self) -> U
impl<T, U> core::convert::TryFrom<U> for snyk_to_md_core::error::BuilderError where U: core::convert::Into<T>
pub type snyk_to_md_core::error::BuilderError::Error = core::convert::Infallible
pub fn snyk_to_md_core::error::BuilderError::try_from(value: U) -> core::result::Result<T, <T as core::convert::TryFrom<U>>::Error>
impl<T, U> core::convert::TryInto<U> for snyk_to_md_core::error::BuilderError where U: core::convert::TryFrom<T>
pub type snyk_to_md_core::error::BuilderError::Error = <U as core::convert::TryFrom<T>>::Error
pub fn snyk_to_md_core::error::BuilderError::try_into(self) -> core::result::Result<U, <U as core::convert::TryFrom<T>>::Error>
impl<T> alloc::string::ToString for snyk_to_md_core::error::BuilderError where T: core::fmt::Display + ?core::marker::Sized
pub fn snyk_to_md_core::error::BuilderError::to_string(&self) -> alloc::string::String
impl<T> core::any::Any for snyk_to_md_core::error::BuilderError where T: 'static + ?core::marker::Sized
pub fn snyk_to_md_core::error::BuilderError::type_id(&self) -> core::any::TypeId
impl<T> core::borrow::Borrow<T> for snyk_to_md_core::error::BuilderError where T: ?core::marker::Sized
pub fn snyk_to_md_core::error::BuilderError::borrow(&self) -> &T
impl<T> core::borrow::BorrowMut<T> for snyk_to_md_core::error::BuilderError where T: ?core::marker::Sized
pub fn snyk_to_md_core::error::BuilderError::borrow_mut(&mut self) -> &mut T
impl<T> core::convert::From<T> for snyk_to_md_core::error::BuilderError
pub fn snyk_to_md_core::error::BuilderError::from(t: T) -> T
pub enum snyk_to_md_core::error::Error
pub snyk_to_md_core::error::Error::GeneratorError(snyk_to_md_core::error::GeneratorError)
pub snyk_to_md_core::error::Error::IoError(std::io::error::Error)
pub snyk_to_md_core::error::Error::JsonError(serde_json::error::Error)
impl core::convert::From<serde_json::error::Error> for snyk_to_md_core::error::Error
pub fn snyk_to_md_core::error::Error::from(source: serde_json::error::Error) -> Self
impl core::convert::From<snyk_to_md_core::error::GeneratorError> for snyk_to_md_core::error::Error
pub fn snyk_to_md_core::error::Error::from(source: snyk_to_md_core::error::GeneratorError) -> Self
impl core::convert::From<std::io::error::Error> for snyk_to_md_core::error::Error
pub fn snyk_to_md_core::error::Error::from(source: std::io::error::Error) -> Self
impl core::error::Error for snyk_to_md_core::error::Error
pub fn snyk_to_md_core::error::Error::source(&self) -> core::option::Option<&(dyn core::error::Error + 'static)>
impl core::fmt::Debug for snyk_to_md_core::error::Error
pub fn snyk_to_md_core::error::Error::fmt(&self, f: &mut core::fmt::Formatter<'_>) -> core::fmt::Result
impl core::fmt::Display for snyk_to_md_core::error::Error
pub fn snyk_to_md_core::error::Error::fmt(&self, __formatter: &mut core::fmt::Formatter<'_>) -> core::fmt::Result
impl core::marker::Freeze for snyk_to_md_core::error::Error
impl core::marker::Send for snyk_to_md_core::error::Error
impl core::marker::Sync for snyk_to_md_core::error::Error
impl core::marker::Unpin for snyk_to_md_core::error::Error
impl !core::panic::unwind_safe::RefUnwindSafe for snyk_to_md_core::error::Error
impl !core::panic::unwind_safe::UnwindSafe for snyk_to_md_core::error::Error
impl<T, U> core::convert::Into<U> for snyk_to_md_core::error::Error where U: core::convert::From<T>
pub fn snyk_to_md_core::error::Error::into(self) -> U
impl<T, U> core::convert::TryFrom<U> for snyk_to_md_core::error::Error where U: core::convert::Into<T>
pub type snyk_to_md_core::error::Error::Error = core::convert::Infallible
pub fn snyk_to_md_core::error::Error::try_from(value: U) -> core::result::Result<T, <T as core::convert::TryFrom<U>>::Error>
impl<T, U> core::convert::TryInto<U> for snyk_to_md_core::error::Error where U: core::convert::TryFrom<T>
pub type snyk_to_md_core::error::Error::Error = <U as core::convert::TryFrom<T>>::Error
pub fn snyk_to_md_core::error::Error::try_into(self) -> core::result::Result<U, <U as core::convert::TryFrom<T>>::Error>
impl<T> alloc::string::ToString for snyk_to_md_core::error::Error where T: core::fmt::Display + ?core::marker::Sized
pub fn snyk_to_md_core::error::Error::to_string(&self) -> alloc::string::String
impl<T> core::any::Any for snyk_to_md_core::error::Error where T: 'static + ?core::marker::Sized
pub fn snyk_to_md_core::error::Error::type_id(&self) -> core::any::TypeId
impl<T> core::borrow::Borrow<T> for snyk_to_md_core::error::Error where T: ?core::marker::Sized
pub fn snyk_to_md_core::error::Error::borrow(&self) -> &T
impl<T> core::borrow::BorrowMut<T> for snyk_to_md_core::error::Error where T: ?core::marker::Sized
pub fn snyk_to_md_core::error::Error::borrow_mut(&mut self) -> &mut T
impl<T> core::convert::From<T> for snyk_to_md_core::error::Error
pub fn snyk_to_md_core::error::Error::from(t: T) -> T
pub enum snyk_to_md_core::error::GeneratorError
pub snyk_to_md_core::error::GeneratorError::TemplateError(askama::error::Error)
impl core::convert::From<askama::error::Error> for snyk_to_md_core::error::GeneratorError
pub fn snyk_to_md_core::error::GeneratorError::from(source: askama::error::Error) -> Self
impl core::convert::From<snyk_to_md_core::error::GeneratorError> for snyk_to_md_core::error::Error
pub fn snyk_to_md_core::error::Error::from(source: snyk_to_md_core::error::GeneratorError) -> Self
impl core::error::Error for snyk_to_md_core::error::GeneratorError
pub fn snyk_to_md_core::error::GeneratorError::source(&self) -> core::option::Option<&(dyn core::error::Error + 'static)>
impl core::fmt::Debug for snyk_to_md_core::error::GeneratorError
pub fn snyk_to_md_core::error::GeneratorError::fmt(&self, f: &mut core::fmt::Formatter<'_>) -> core::fmt::Result
impl core::fmt::Display for snyk_to_md_core::error::GeneratorError
pub fn snyk_to_md_core::error::GeneratorError::fmt(&self, __formatter: &mut core::fmt::Formatter<'_>) -> core::fmt::Result
impl core::marker::Freeze for snyk_to_md_core::error::GeneratorError
impl core::marker::Send for snyk_to_md_core::error::GeneratorError
impl core::marker::Sync for snyk_to_md_core::error::GeneratorError
impl core::marker::Unpin for snyk_to_md_core::error::GeneratorError
impl !core::panic::unwind_safe::RefUnwindSafe for snyk_to_md_core::error::GeneratorError
impl !core::panic::unwind_safe::UnwindSafe for snyk_to_md_core::error::GeneratorError
impl<T, U> core::convert::Into<U> for snyk_to_md_core::error::GeneratorError where U: core::convert::From<T>
pub fn snyk_to_md_core::error::GeneratorError::into(self) -> U
impl<T, U> core::convert::TryFrom<U> for snyk_to_md_core::error::GeneratorError where U: core::convert::Into<T>
pub type snyk_to_md_core::error::GeneratorError::Error = core::convert::Infallible
pub fn snyk_to_md_core::error::GeneratorError::try_from(value: U) -> core::result::Result<T, <T as core::convert::TryFrom<U>>::Error>
impl<T, U> core::convert::TryInto<U> for snyk_to_md_core::error::GeneratorError where U: core::convert::TryFrom<T>
pub type snyk_to_md_core::error::GeneratorError::Error = <U as core::convert::TryFrom<T>>::Error
pub fn snyk_to_md_core::error::GeneratorError::try_into(self) -> core::result::Result<U, <U as core::convert::TryFrom<T>>::Error>
impl<T> alloc::string::ToString for snyk_to_md_core::error::GeneratorError where T: core::fmt::Display + ?core::marker::Sized
pub fn snyk_to_md_core::error::GeneratorError::to_string(&self) -> alloc::string::String
impl<T> core::any::Any for snyk_to_md_core::error::GeneratorError where T: 'static + ?core::marker::Sized
pub fn snyk_to_md_core::error::GeneratorError::type_id(&self) -> core::any::TypeId
impl<T> core::borrow::Borrow<T> for snyk_to_md_core::error::GeneratorError where T: ?core::marker::Sized
pub fn snyk_to_md_core::error::GeneratorError::borrow(&self) -> &T
impl<T> core::borrow::BorrowMut<T> for snyk_to_md_core::error::GeneratorError where T: ?core::marker::Sized
pub fn snyk_to_md_core::error::GeneratorError::borrow_mut(&mut self) -> &mut T
impl<T> core::convert::From<T> for snyk_to_md_core::error::GeneratorError
pub fn snyk_to_md_core::error::GeneratorError::from(t: T) -> T
pub mod snyk_to_md_core::generators
pub struct snyk_to_md_core::generators::JsonContainerMarkdownGenerator
impl snyk_to_md_core::markdown::json::container::generator::JsonContainerMarkdownGenerator
pub fn snyk_to_md_core::markdown::json::container::generator::JsonContainerMarkdownGenerator::new(markdown_format: snyk_to_md_core::markdown::MarkdownFormat, with_emoji: bool) -> snyk_to_md_core::markdown::json::container::generator::JsonContainerMarkdownGenerator
impl snyk_to_md_core::markdown::MarkdownGenerator for snyk_to_md_core::markdown::json::container::generator::JsonContainerMarkdownGenerator
pub type snyk_to_md_core::markdown::json::container::generator::JsonContainerMarkdownGenerator::Input = serde_snyk_container::bindings::SnykContainer
pub fn snyk_to_md_core::markdown::json::container::generator::JsonContainerMarkdownGenerator::generate_markdown_template(&self, snyk_container: &Self::Input) -> core::result::Result<alloc::string::String, snyk_to_md_core::error::GeneratorError>
impl core::marker::Freeze for snyk_to_md_core::markdown::json::container::generator::JsonContainerMarkdownGenerator
impl core::marker::Send for snyk_to_md_core::markdown::json::container::generator::JsonContainerMarkdownGenerator
impl core::marker::Sync for snyk_to_md_core::markdown::json::container::generator::JsonContainerMarkdownGenerator
impl core::marker::Unpin for snyk_to_md_core::markdown::json::container::generator::JsonContainerMarkdownGenerator
impl core::panic::unwind_safe::RefUnwindSafe for snyk_to_md_core::markdown::json::container::generator::JsonContainerMarkdownGenerator
impl core::panic::unwind_safe::UnwindSafe for snyk_to_md_core::markdown::json::container::generator::JsonContainerMarkdownGenerator
impl<T, U> core::convert::Into<U> for snyk_to_md_core::markdown::json::container::generator::JsonContainerMarkdownGenerator where U: core::convert::From<T>
pub fn snyk_to_md_core::markdown::json::container::generator::JsonContainerMarkdownGenerator::into(self) -> U
impl<T, U> core::convert::TryFrom<U> for snyk_to_md_core::markdown::json::container::generator::JsonContainerMarkdownGenerator where U: core::convert::Into<T>
pub type snyk_to_md_core::markdown::json::container::generator::JsonContainerMarkdownGenerator::Error = core::convert::Infallible
pub fn snyk_to_md_core::markdown::json::container::generator::JsonContainerMarkdownGenerator::try_from(value: U) -> core::result::Result<T, <T as core::convert::TryFrom<U>>::Error>
impl<T, U> core::convert::TryInto<U> for snyk_to_md_core::markdown::json::container::generator::JsonContainerMarkdownGenerator where U: core::convert::TryFrom<T>
pub type snyk_to_md_core::markdown::json::container::generator::JsonContainerMarkdownGenerator::Error = <U as core::convert::TryFrom<T>>::Error
pub fn snyk_to_md_core::markdown::json::container::generator::JsonContainerMarkdownGenerator::try_into(self) -> core::result::Result<U, <U as core::convert::TryFrom<T>>::Error>
impl<T> core::any::Any for snyk_to_md_core::markdown::json::container::generator::JsonContainerMarkdownGenerator where T: 'static + ?core::marker::Sized
pub fn snyk_to_md_core::markdown::json::container::generator::JsonContainerMarkdownGenerator::type_id(&self) -> core::any::TypeId
impl<T> core::borrow::Borrow<T> for snyk_to_md_core::markdown::json::container::generator::JsonContainerMarkdownGenerator where T: ?core::marker::Sized
pub fn snyk_to_md_core::markdown::json::container::generator::JsonContainerMarkdownGenerator::borrow(&self) -> &T
impl<T> core::borrow::BorrowMut<T> for snyk_to_md_core::markdown::json::container::generator::JsonContainerMarkdownGenerator where T: ?core::marker::Sized
pub fn snyk_to_md_core::markdown::json::container::generator::JsonContainerMarkdownGenerator::borrow_mut(&mut self) -> &mut T
impl<T> core::convert::From<T> for snyk_to_md_core::markdown::json::container::generator::JsonContainerMarkdownGenerator
pub fn snyk_to_md_core::markdown::json::container::generator::JsonContainerMarkdownGenerator::from(t: T) -> T
pub struct snyk_to_md_core::generators::SarifMarkdownGenerator
impl snyk_to_md_core::markdown::sarif::generator::SarifMarkdownGenerator
pub fn snyk_to_md_core::markdown::sarif::generator::SarifMarkdownGenerator::new(markdown_format: snyk_to_md_core::markdown::MarkdownFormat, with_emoji: bool) -> Self
impl snyk_to_md_core::markdown::MarkdownGenerator for snyk_to_md_core::markdown::sarif::generator::SarifMarkdownGenerator
pub type snyk_to_md_core::markdown::sarif::generator::SarifMarkdownGenerator::Input = serde_sarif::sarif::Sarif
pub fn snyk_to_md_core::markdown::sarif::generator::SarifMarkdownGenerator::generate_markdown_template(&self, sarif: &Self::Input) -> core::result::Result<alloc::string::String, snyk_to_md_core::error::GeneratorError>
impl core::marker::Freeze for snyk_to_md_core::markdown::sarif::generator::SarifMarkdownGenerator
impl core::marker::Send for snyk_to_md_core::markdown::sarif::generator::SarifMarkdownGenerator
impl core::marker::Sync for snyk_to_md_core::markdown::sarif::generator::SarifMarkdownGenerator
impl core::marker::Unpin for snyk_to_md_core::markdown::sarif::generator::SarifMarkdownGenerator
impl core::panic::unwind_safe::RefUnwindSafe for snyk_to_md_core::markdown::sarif::generator::SarifMarkdownGenerator
impl core::panic::unwind_safe::UnwindSafe for snyk_to_md_core::markdown::sarif::generator::SarifMarkdownGenerator
impl<T, U> core::convert::Into<U> for snyk_to_md_core::markdown::sarif::generator::SarifMarkdownGenerator where U: core::convert::From<T>
pub fn snyk_to_md_core::markdown::sarif::generator::SarifMarkdownGenerator::into(self) -> U
impl<T, U> core::convert::TryFrom<U> for snyk_to_md_core::markdown::sarif::generator::SarifMarkdownGenerator where U: core::convert::Into<T>
pub type snyk_to_md_core::markdown::sarif::generator::SarifMarkdownGenerator::Error = core::convert::Infallible
pub fn snyk_to_md_core::markdown::sarif::generator::SarifMarkdownGenerator::try_from(value: U) -> core::result::Result<T, <T as core::convert::TryFrom<U>>::Error>
impl<T, U> core::convert::TryInto<U> for snyk_to_md_core::markdown::sarif::generator::SarifMarkdownGenerator where U: core::convert::TryFrom<T>
pub type snyk_to_md_core::markdown::sarif::generator::SarifMarkdownGenerator::Error = <U as core::convert::TryFrom<T>>::Error
pub fn snyk_to_md_core::markdown::sarif::generator::SarifMarkdownGenerator::try_into(self) -> core::result::Result<U, <U as core::convert::TryFrom<T>>::Error>
impl<T> core::any::Any for snyk_to_md_core::markdown::sarif::generator::SarifMarkdownGenerator where T: 'static + ?core::marker::Sized
pub fn snyk_to_md_core::markdown::sarif::generator::SarifMarkdownGenerator::type_id(&self) -> core::any::TypeId
impl<T> core::borrow::Borrow<T> for snyk_to_md_core::markdown::sarif::generator::SarifMarkdownGenerator where T: ?core::marker::Sized
pub fn snyk_to_md_core::markdown::sarif::generator::SarifMarkdownGenerator::borrow(&self) -> &T
impl<T> core::borrow::BorrowMut<T> for snyk_to_md_core::markdown::sarif::generator::SarifMarkdownGenerator where T: ?core::marker::Sized
pub fn snyk_to_md_core::markdown::sarif::generator::SarifMarkdownGenerator::borrow_mut(&mut self) -> &mut T
impl<T> core::convert::From<T> for snyk_to_md_core::markdown::sarif::generator::SarifMarkdownGenerator
pub fn snyk_to_md_core::markdown::sarif::generator::SarifMarkdownGenerator::from(t: T) -> T
pub mod snyk_to_md_core::markdown
pub mod snyk_to_md_core::markdown::json
pub mod snyk_to_md_core::markdown::json::container
pub mod snyk_to_md_core::markdown::json::container::generator
pub struct snyk_to_md_core::markdown::json::container::generator::JsonContainerMarkdownGenerator
impl snyk_to_md_core::markdown::json::container::generator::JsonContainerMarkdownGenerator
pub fn snyk_to_md_core::markdown::json::container::generator::JsonContainerMarkdownGenerator::new(markdown_format: snyk_to_md_core::markdown::MarkdownFormat, with_emoji: bool) -> snyk_to_md_core::markdown::json::container::generator::JsonContainerMarkdownGenerator
impl snyk_to_md_core::markdown::MarkdownGenerator for snyk_to_md_core::markdown::json::container::generator::JsonContainerMarkdownGenerator
pub type snyk_to_md_core::markdown::json::container::generator::JsonContainerMarkdownGenerator::Input = serde_snyk_container::bindings::SnykContainer
pub fn snyk_to_md_core::markdown::json::container::generator::JsonContainerMarkdownGenerator::generate_markdown_template(&self, snyk_container: &Self::Input) -> core::result::Result<alloc::string::String, snyk_to_md_core::error::GeneratorError>
impl core::marker::Freeze for snyk_to_md_core::markdown::json::container::generator::JsonContainerMarkdownGenerator
impl core::marker::Send for snyk_to_md_core::markdown::json::container::generator::JsonContainerMarkdownGenerator
impl core::marker::Sync for snyk_to_md_core::markdown::json::container::generator::JsonContainerMarkdownGenerator
impl core::marker::Unpin for snyk_to_md_core::markdown::json::container::generator::JsonContainerMarkdownGenerator
impl core::panic::unwind_safe::RefUnwindSafe for snyk_to_md_core::markdown::json::container::generator::JsonContainerMarkdownGenerator
impl core::panic::unwind_safe::UnwindSafe for snyk_to_md_core::markdown::json::container::generator::JsonContainerMarkdownGenerator
impl<T, U> core::convert::Into<U> for snyk_to_md_core::markdown::json::container::generator::JsonContainerMarkdownGenerator where U: core::convert::From<T>
pub fn snyk_to_md_core::markdown::json::container::generator::JsonContainerMarkdownGenerator::into(self) -> U
impl<T, U> core::convert::TryFrom<U> for snyk_to_md_core::markdown::json::container::generator::JsonContainerMarkdownGenerator where U: core::convert::Into<T>
pub type snyk_to_md_core::markdown::json::container::generator::JsonContainerMarkdownGenerator::Error = core::convert::Infallible
pub fn snyk_to_md_core::markdown::json::container::generator::JsonContainerMarkdownGenerator::try_from(value: U) -> core::result::Result<T, <T as core::convert::TryFrom<U>>::Error>
impl<T, U> core::convert::TryInto<U> for snyk_to_md_core::markdown::json::container::generator::JsonContainerMarkdownGenerator where U: core::convert::TryFrom<T>
pub type snyk_to_md_core::markdown::json::container::generator::JsonContainerMarkdownGenerator::Error = <U as core::convert::TryFrom<T>>::Error
pub fn snyk_to_md_core::markdown::json::container::generator::JsonContainerMarkdownGenerator::try_into(self) -> core::result::Result<U, <U as core::convert::TryFrom<T>>::Error>
impl<T> core::any::Any for snyk_to_md_core::markdown::json::container::generator::JsonContainerMarkdownGenerator where T: 'static + ?core::marker::Sized
pub fn snyk_to_md_core::markdown::json::container::generator::JsonContainerMarkdownGenerator::type_id(&self) -> core::any::TypeId
impl<T> core::borrow::Borrow<T> for snyk_to_md_core::markdown::json::container::generator::JsonContainerMarkdownGenerator where T: ?core::marker::Sized
pub fn snyk_to_md_core::markdown::json::container::generator::JsonContainerMarkdownGenerator::borrow(&self) -> &T
impl<T> core::borrow::BorrowMut<T> for snyk_to_md_core::markdown::json::container::generator::JsonContainerMarkdownGenerator where T: ?core::marker::Sized
pub fn snyk_to_md_core::markdown::json::container::generator::JsonContainerMarkdownGenerator::borrow_mut(&mut self) -> &mut T
impl<T> core::convert::From<T> for snyk_to_md_core::markdown::json::container::generator::JsonContainerMarkdownGenerator
pub fn snyk_to_md_core::markdown::json::container::generator::JsonContainerMarkdownGenerator::from(t: T) -> T
pub mod snyk_to_md_core::markdown::sarif
pub mod snyk_to_md_core::markdown::sarif::generator
pub struct snyk_to_md_core::markdown::sarif::generator::SarifMarkdownGenerator
impl snyk_to_md_core::markdown::sarif::generator::SarifMarkdownGenerator
pub fn snyk_to_md_core::markdown::sarif::generator::SarifMarkdownGenerator::new(markdown_format: snyk_to_md_core::markdown::MarkdownFormat, with_emoji: bool) -> Self
impl snyk_to_md_core::markdown::MarkdownGenerator for snyk_to_md_core::markdown::sarif::generator::SarifMarkdownGenerator
pub type snyk_to_md_core::markdown::sarif::generator::SarifMarkdownGenerator::Input = serde_sarif::sarif::Sarif
pub fn snyk_to_md_core::markdown::sarif::generator::SarifMarkdownGenerator::generate_markdown_template(&self, sarif: &Self::Input) -> core::result::Result<alloc::string::String, snyk_to_md_core::error::GeneratorError>
impl core::marker::Freeze for snyk_to_md_core::markdown::sarif::generator::SarifMarkdownGenerator
impl core::marker::Send for snyk_to_md_core::markdown::sarif::generator::SarifMarkdownGenerator
impl core::marker::Sync for snyk_to_md_core::markdown::sarif::generator::SarifMarkdownGenerator
impl core::marker::Unpin for snyk_to_md_core::markdown::sarif::generator::SarifMarkdownGenerator
impl core::panic::unwind_safe::RefUnwindSafe for snyk_to_md_core::markdown::sarif::generator::SarifMarkdownGenerator
impl core::panic::unwind_safe::UnwindSafe for snyk_to_md_core::markdown::sarif::generator::SarifMarkdownGenerator
impl<T, U> core::convert::Into<U> for snyk_to_md_core::markdown::sarif::generator::SarifMarkdownGenerator where U: core::convert::From<T>
pub fn snyk_to_md_core::markdown::sarif::generator::SarifMarkdownGenerator::into(self) -> U
impl<T, U> core::convert::TryFrom<U> for snyk_to_md_core::markdown::sarif::generator::SarifMarkdownGenerator where U: core::convert::Into<T>
pub type snyk_to_md_core::markdown::sarif::generator::SarifMarkdownGenerator::Error = core::convert::Infallible
pub fn snyk_to_md_core::markdown::sarif::generator::SarifMarkdownGenerator::try_from(value: U) -> core::result::Result<T, <T as core::convert::TryFrom<U>>::Error>
impl<T, U> core::convert::TryInto<U> for snyk_to_md_core::markdown::sarif::generator::SarifMarkdownGenerator where U: core::convert::TryFrom<T>
pub type snyk_to_md_core::markdown::sarif::generator::SarifMarkdownGenerator::Error = <U as core::convert::TryFrom<T>>::Error
pub fn snyk_to_md_core::markdown::sarif::generator::SarifMarkdownGenerator::try_into(self) -> core::result::Result<U, <U as core::convert::TryFrom<T>>::Error>
impl<T> core::any::Any for snyk_to_md_core::markdown::sarif::generator::SarifMarkdownGenerator where T: 'static + ?core::marker::Sized
pub fn snyk_to_md_core::markdown::sarif::generator::SarifMarkdownGenerator::type_id(&self) -> core::any::TypeId
impl<T> core::borrow::Borrow<T> for snyk_to_md_core::markdown::sarif::generator::SarifMarkdownGenerator where T: ?core::marker::Sized
pub fn snyk_to_md_core::markdown::sarif::generator::SarifMarkdownGenerator::borrow(&self) -> &T
impl<T> core::borrow::BorrowMut<T> for snyk_to_md_core::markdown::sarif::generator::SarifMarkdownGenerator where T: ?core::marker::Sized
pub fn snyk_to_md_core::markdown::sarif::generator::SarifMarkdownGenerator::borrow_mut(&mut self) -> &mut T
impl<T> core::convert::From<T> for snyk_to_md_core::markdown::sarif::generator::SarifMarkdownGenerator
pub fn snyk_to_md_core::markdown::sarif::generator::SarifMarkdownGenerator::from(t: T) -> T
pub enum snyk_to_md_core::markdown::MarkdownFormat
pub snyk_to_md_core::markdown::MarkdownFormat::CommonMark
pub snyk_to_md_core::markdown::MarkdownFormat::GitHubFlavored
impl core::clone::Clone for snyk_to_md_core::markdown::MarkdownFormat
pub fn snyk_to_md_core::markdown::MarkdownFormat::clone(&self) -> snyk_to_md_core::markdown::MarkdownFormat
impl core::fmt::Debug for snyk_to_md_core::markdown::MarkdownFormat
pub fn snyk_to_md_core::markdown::MarkdownFormat::fmt(&self, f: &mut core::fmt::Formatter<'_>) -> core::fmt::Result
impl core::marker::Copy for snyk_to_md_core::markdown::MarkdownFormat
impl core::marker::Freeze for snyk_to_md_core::markdown::MarkdownFormat
impl core::marker::Send for snyk_to_md_core::markdown::MarkdownFormat
impl core::marker::Sync for snyk_to_md_core::markdown::MarkdownFormat
impl core::marker::Unpin for snyk_to_md_core::markdown::MarkdownFormat
impl core::panic::unwind_safe::RefUnwindSafe for snyk_to_md_core::markdown::MarkdownFormat
impl core::panic::unwind_safe::UnwindSafe for snyk_to_md_core::markdown::MarkdownFormat
impl<T, U> core::convert::Into<U> for snyk_to_md_core::markdown::MarkdownFormat where U: core::convert::From<T>
pub fn snyk_to_md_core::markdown::MarkdownFormat::into(self) -> U
impl<T, U> core::convert::TryFrom<U> for snyk_to_md_core::markdown::MarkdownFormat where U: core::convert::Into<T>
pub type snyk_to_md_core::markdown::MarkdownFormat::Error = core::convert::Infallible
pub fn snyk_to_md_core::markdown::MarkdownFormat::try_from(value: U) -> core::result::Result<T, <T as core::convert::TryFrom<U>>::Error>
impl<T, U> core::convert::TryInto<U> for snyk_to_md_core::markdown::MarkdownFormat where U: core::convert::TryFrom<T>
pub type snyk_to_md_core::markdown::MarkdownFormat::Error = <U as core::convert::TryFrom<T>>::Error
pub fn snyk_to_md_core::markdown::MarkdownFormat::try_into(self) -> core::result::Result<U, <U as core::convert::TryFrom<T>>::Error>
impl<T> alloc::borrow::ToOwned for snyk_to_md_core::markdown::MarkdownFormat where T: core::clone::Clone
pub type snyk_to_md_core::markdown::MarkdownFormat::Owned = T
pub fn snyk_to_md_core::markdown::MarkdownFormat::clone_into(&self, target: &mut T)
pub fn snyk_to_md_core::markdown::MarkdownFormat::to_owned(&self) -> T
impl<T> core::any::Any for snyk_to_md_core::markdown::MarkdownFormat where T: 'static + ?core::marker::Sized
pub fn snyk_to_md_core::markdown::MarkdownFormat::type_id(&self) -> core::any::TypeId
impl<T> core::borrow::Borrow<T> for snyk_to_md_core::markdown::MarkdownFormat where T: ?core::marker::Sized
pub fn snyk_to_md_core::markdown::MarkdownFormat::borrow(&self) -> &T
impl<T> core::borrow::BorrowMut<T> for snyk_to_md_core::markdown::MarkdownFormat where T: ?core::marker::Sized
pub fn snyk_to_md_core::markdown::MarkdownFormat::borrow_mut(&mut self) -> &mut T
impl<T> core::clone::CloneToUninit for snyk_to_md_core::markdown::MarkdownFormat where T: core::clone::Clone
pub unsafe fn snyk_to_md_core::markdown::MarkdownFormat::clone_to_uninit(&self, dest: *mut u8)
impl<T> core::convert::From<T> for snyk_to_md_core::markdown::MarkdownFormat
pub fn snyk_to_md_core::markdown::MarkdownFormat::from(t: T) -> T
pub trait snyk_to_md_core::markdown::MarkdownGenerator
pub type snyk_to_md_core::markdown::MarkdownGenerator::Input: serde_core::de::DeserializeOwned
pub fn snyk_to_md_core::markdown::MarkdownGenerator::generate_markdown_template(&self, report: &Self::Input) -> core::result::Result<alloc::string::String, snyk_to_md_core::error::GeneratorError>
impl snyk_to_md_core::markdown::MarkdownGenerator for snyk_to_md_core::markdown::json::container::generator::JsonContainerMarkdownGenerator
pub type snyk_to_md_core::markdown::json::container::generator::JsonContainerMarkdownGenerator::Input = serde_snyk_container::bindings::SnykContainer
pub fn snyk_to_md_core::markdown::json::container::generator::JsonContainerMarkdownGenerator::generate_markdown_template(&self, snyk_container: &Self::Input) -> core::result::Result<alloc::string::String, snyk_to_md_core::error::GeneratorError>
impl snyk_to_md_core::markdown::MarkdownGenerator for snyk_to_md_core::markdown::sarif::generator::SarifMarkdownGenerator
pub type snyk_to_md_core::markdown::sarif::generator::SarifMarkdownGenerator::Input = serde_sarif::sarif::Sarif
pub fn snyk_to_md_core::markdown::sarif::generator::SarifMarkdownGenerator::generate_markdown_template(&self, sarif: &Self::Input) -> core::result::Result<alloc::string::String, snyk_to_md_core::error::GeneratorError>
pub struct snyk_to_md_core::ReportProcessor<G: snyk_to_md_core::markdown::MarkdownGenerator>
impl<G: snyk_to_md_core::markdown::MarkdownGenerator> snyk_to_md_core::ReportProcessor<G>
pub fn snyk_to_md_core::ReportProcessor<G>::generate(self) -> core::result::Result<alloc::string::String, snyk_to_md_core::error::Error>
pub fn snyk_to_md_core::ReportProcessor<G>::new(generator: G, content: alloc::string::String) -> Self
impl<G> core::marker::Freeze for snyk_to_md_core::ReportProcessor<G> where G: core::marker::Freeze
impl<G> core::marker::Send for snyk_to_md_core::ReportProcessor<G> where G: core::marker::Send
impl<G> core::marker::Sync for snyk_to_md_core::ReportProcessor<G> where G: core::marker::Sync
impl<G> core::marker::Unpin for snyk_to_md_core::ReportProcessor<G> where G: core::marker::Unpin
impl<G> core::panic::unwind_safe::RefUnwindSafe for snyk_to_md_core::ReportProcessor<G> where G: core::panic::unwind_safe::RefUnwindSafe
impl<G> core::panic::unwind_safe::UnwindSafe for snyk_to_md_core::ReportProcessor<G> where G: core::panic::unwind_safe::UnwindSafe
impl<T, U> core::convert::Into<U> for snyk_to_md_core::ReportProcessor<G> where U: core::convert::From<T>
pub fn snyk_to_md_core::ReportProcessor<G>::into(self) -> U
impl<T, U> core::convert::TryFrom<U> for snyk_to_md_core::ReportProcessor<G> where U: core::convert::Into<T>
pub type snyk_to_md_core::ReportProcessor<G>::Error = core::convert::Infallible
pub fn snyk_to_md_core::ReportProcessor<G>::try_from(value: U) -> core::result::Result<T, <T as core::convert::TryFrom<U>>::Error>
impl<T, U> core::convert::TryInto<U> for snyk_to_md_core::ReportProcessor<G> where U: core::convert::TryFrom<T>
pub type snyk_to_md_core::ReportProcessor<G>::Error = <U as core::convert::TryFrom<T>>::Error
pub fn snyk_to_md_core::ReportProcessor<G>::try_into(self) -> core::result::Result<U, <U as core::convert::TryFrom<T>>::Error>
impl<T> core::any::Any for snyk_to_md_core::ReportProcessor<G> where T: 'static + ?core::marker::Sized
pub fn snyk_to_md_core::ReportProcessor<G>::type_id(&self) -> core::any::TypeId
impl<T> core::borrow::Borrow<T> for snyk_to_md_core::ReportProcessor<G> where T: ?core::marker::Sized
pub fn snyk_to_md_core::ReportProcessor<G>::borrow(&self) -> &T
impl<T> core::borrow::BorrowMut<T> for snyk_to_md_core::ReportProcessor<G> where T: ?core::marker::Sized
pub fn snyk_to_md_core::ReportProcessor<G>::borrow_mut(&mut self) -> &mut T
impl<T> core::convert::From<T> for snyk_to_md_core::ReportProcessor<G>
pub fn snyk_to_md_core::ReportProcessor<G>::from(t: T) -> T
pub struct snyk_to_md_core::ReportProcessorBuilder<G>
impl snyk_to_md_core::ReportProcessorBuilder<()>
pub fn snyk_to_md_core::ReportProcessorBuilder<()>::generator<G: snyk_to_md_core::markdown::MarkdownGenerator>(self, generator: G) -> snyk_to_md_core::ReportProcessorBuilder<G>
impl snyk_to_md_core::ReportProcessorBuilder<()>
pub fn snyk_to_md_core::ReportProcessorBuilder<()>::new() -> Self
impl<G: snyk_to_md_core::markdown::MarkdownGenerator> snyk_to_md_core::ReportProcessorBuilder<G>
pub fn snyk_to_md_core::ReportProcessorBuilder<G>::build(self) -> core::result::Result<snyk_to_md_core::ReportProcessor<G>, snyk_to_md_core::error::BuilderError>
pub fn snyk_to_md_core::ReportProcessorBuilder<G>::content(self, content: alloc::string::String) -> Self
impl core::default::Default for snyk_to_md_core::ReportProcessorBuilder<()>
pub fn snyk_to_md_core::ReportProcessorBuilder<()>::default() -> Self
impl<G> core::marker::Freeze for snyk_to_md_core::ReportProcessorBuilder<G> where G: core::marker::Freeze
impl<G> core::marker::Send for snyk_to_md_core::ReportProcessorBuilder<G> where G: core::marker::Send
impl<G> core::marker::Sync for snyk_to_md_core::ReportProcessorBuilder<G> where G: core::marker::Sync
impl<G> core::marker::Unpin for snyk_to_md_core::ReportProcessorBuilder<G> where G: core::marker::Unpin
impl<G> core::panic::unwind_safe::RefUnwindSafe for snyk_to_md_core::ReportProcessorBuilder<G> where G: core::panic::unwind_safe::RefUnwindSafe
impl<G> core::panic::unwind_safe::UnwindSafe for snyk_to_md_core::ReportProcessorBuilder<G> where G: core::panic::unwind_safe::UnwindSafe
impl<T, U> core::convert::Into<U> for snyk_to_md_core::ReportProcessorBuilder<G> where U: core::convert::From<T>
pub fn snyk_to_md_core::ReportProcessorBuilder<G>::into(self) -> U
impl<T, U> core::convert::TryFrom<U> for snyk_to_md_core::ReportProcessorBuilder<G> where U: core::convert::Into<T>
pub type snyk_to_md_core::ReportProcessorBuilder<G>::Error = core::convert::Infallible
pub fn snyk_to_md_core::ReportProcessorBuilder<G>::try_from(value: U) -> core::result::Result<T, <T as core::convert::TryFrom<U>>::Error>
impl<T, U> core::convert::TryInto<U> for snyk_to_md_core::ReportProcessorBuilder<G> where U: core::convert::TryFrom<T>
pub type snyk_to_md_core::ReportProcessorBuilder<G>::Error = <U as core::convert::TryFrom<T>>::Error
pub fn snyk_to_md_core::ReportProcessorBuilder<G>::try_into(self) -> core::result::Result<U, <U as core::convert::TryFrom<T>>::Error>
impl<T> core::any::Any for snyk_to_md_core::ReportProcessorBuilder<G> where T: 'static + ?core::marker::Sized
pub fn snyk_to_md_core::ReportProcessorBuilder<G>::type_id(&self) -> core::any::TypeId
impl<T> core::borrow::Borrow<T> for snyk_to_md_core::ReportProcessorBuilder<G> where T: ?core::marker::Sized
pub fn snyk_to_md_core::ReportProcessorBuilder<G>::borrow(&self) -> &T
impl<T> core::borrow::BorrowMut<T> for snyk_to_md_core::ReportProcessorBuilder<G> where T: ?core::marker::Sized
pub fn snyk_to_md_core::ReportProcessorBuilder<G>::borrow_mut(&mut self) -> &mut T
impl<T> core::convert::From<T> for snyk_to_md_core::ReportProcessorBuilder<G>
pub fn snyk_to_md_core::ReportProcessorBuilder<G>::from(t: T) -> T
